[localhost/alumni/index.html]
[backblue.gif]
[fade.gif]
[index.html]
[localhost/_assets/2013/css/normalize.css]
[localhost/_assets/2013/css/main.css]
[localhost/_assets/2013/css/layout.css]
[localhost/_assets/2013/css/syr.css]
[localhost/_assets/2013/css/home.css]
[localhost/_assets/2013/css/structure.css]
[localhost/_assets/2013/css/nav.css]
[localhost/_assets/2013/css/jquery-ui-1.10.3.custom.min.css]
[localhost/_assets/2013/css/tiles.css]
[localhost/_assets/2013/css/pagenav.css]
[localhost/_assets/2013/css/content.css]
[localhost/_assets/2013/css/responsive.css]
[localhost/alumni/images/SuccessintheCity_Logo-forCC.jpg]
[localhost/alumni/images/wrigley.jpg]
[localhost/alumni/images/cuseconnect.jpg]
[localhost/alumni/images/CVR SPG13.jpg]
[localhost/alumni/events/orangecentral/images/OC_2013_425x350px.jpg]
[localhost/alumni/images/MARSH_horizontal_smaller.jpg]
[localhost/alumni/images/LMI_hp.jpg]
[localhost/alumni/images/map.jpg]
[localhost/alumni/images/GenO_Logo_Stack_red_white_200px.gif]
[localhost/images/make_gift_transparent.gif]
[localhost/alumni/images/update_address_graphic_207.gif]
[localhost/images/icons/snicon_row.png]
[localhost/images/home_ad.jpg]
[localhost/alumni/images/suathletics11.jpg]
[localhost/alumni/index.html]
[localhost/images/alumni/cuse-chronicle.html]
[localhost/alumni/images/SuccessintheCity_Logo-forCC.jpg]
[localhost/_assets/2013/css/normalize.css]
[localhost/_assets/2013/css/main.css]
[localhost/alumni/images/wrigley.jpg]
[localhost/_assets/2013/css/layout.css]
[localhost/alumni/images/cuseconnect.jpg]
[localhost/_assets/2013/css/syr.css]
[localhost/alumni/images/CVR SPG13.jpg]
[localhost/_assets/2013/css/home.css]
[localhost/alumni/images/MARSH_horizontal_smaller.jpg]
[localhost/_assets/2013/css/structure.css]
[localhost/alumni/images/LMI_hp.jpg]
[localhost/_assets/2013/css/nav.css]
[localhost/alumni/images/map.jpg]
[localhost/_assets/2013/css/jquery-ui-1.10.3.custom.min.css]
[localhost/alumni/images/GenO_Logo_Stack_red_white_200px.gif]
[localhost/_assets/2013/css/tiles.css]
[localhost/_assets/2013/css/pagenav.css]
[localhost/images/make_gift_transparent.gif]
[localhost/_assets/2013/css/content.css]
[localhost/images/icons/snicon_row.png]
[localhost/alumni/images/update_address_graphic_207.gif]
[localhost/_assets/2013/css/responsive.css]
[localhost/images/alumni/cuse-chronicle.html]
[localhost/images/home_ad.jpg]
[localhost/alumni/images/suathletics11.jpg]
